// Jest Snapshot v1, https://goo.gl/fbAQLP

exports[`Login Login page renders correctly 1`] = `
<div
  className="ion-page"
>
  <ion-content>
    <ion-card
      onClick={[Function]}
    >
      <ion-item
        onClick={[Function]}
      >
        <ion-img />
      </ion-item>
      <ion-card-header>
        <ion-card-title>
          Login to MADNet
        </ion-card-title>
      </ion-card-header>
      <ion-card-content>
        <ion-list>
          <form
            onSubmit={[Function]}
          >
            <ion-item
              onClick={[Function]}
            >
              <ion-label>
                Email/Phone
              </ion-label>
              <ion-input />
            </ion-item>
            <ion-item
              onClick={[Function]}
            >
              <ion-label>
                Password
              </ion-label>
              <ion-input />
            </ion-item>
            <ion-button
              onClick={[Function]}
            >
              Sign In
            </ion-button>
            <ion-text>
              <p>
                --Or--
              </p>
            </ion-text>
            <ion-button
              onClick={[Function]}
            >
              <ion-icon />
              Login With Google
            </ion-button>
            <div
              className="cardCaption"
            >
              <ion-label>
                Coming here for the first time?
              </ion-label>
              <ion-button
                href="induction/join"
                onClick={[Function]}
              >
                Register
                <ion-icon />
              </ion-button>
            </div>
          </form>
        </ion-list>
      </ion-card-content>
    </ion-card>
  </ion-content>
</div>
`;
